// Jest Snapshot v1, https://goo.gl/fbAQLP

exports[`GA4AdSenseLinkedNotification renders when both Analytics and AdSense modules are active and linked 1`] = `
<div>
  <div
    class="mdc-layout-grid"
  >
    <div
      class="mdc-layout-grid__inner"
    >
      <div
        class="googlesitekit-subtle-notification mdc-layout-grid__cell mdc-layout-grid__cell--align-middle mdc-layout-grid__cell--span-12"
      >
        <div
          class="googlesitekit-subtle-notification__icon"
        >
          <svg />
        </div>
        <div
          class="googlesitekit-subtle-notification__content"
        >
          <p>
            Your AdSense and Analytics accounts are linked.
          </p>
          <p
            class="googlesitekit-subtle-notification__secondary_description"
          >
            We’ll let you know as soon as there’s enough data available.
          </p>
        </div>
        <button
          class="mdc-button mdc-button--tertiary"
          target="_self"
        >
          <span
            class="mdc-button__label"
          >
            Got it
          </span>
        </button>
      </div>
    </div>
  </div>
</div>
`;
