// Jest Snapshot v1, https://goo.gl/fbAQLP

exports[`AudienceTile should render the AudienceTile component 1`] = `
<div>
  <div
    class="googlesitekit-widget googlesitekit-widget--audienceTile googlesitekit-widget--no-padding"
  >
    <div
      class="googlesitekit-widget__body"
    >
      <div
        class="googlesitekit-audience-segmentation-tile"
      >
        <div
          class="googlesitekit-audience-segmentation-tile__metrics"
        >
          <div
            class="googlesitekit-audience-segmentation-tile-metric"
          >
            <div
              class="googlesitekit-audience-segmentation-tile-metric__icon"
            >
              <svg />
            </div>
            <div
              class="googlesitekit-audience-segmentation-tile-metric__container"
            >
              <div
                class="googlesitekit-audience-segmentation-tile-metric__value"
              >
                24K
              </div>
              <div
                class="googlesitekit-audience-segmentation-tile-metric__title"
              >
                Visitors
              </div>
            </div>
            <div
              class="googlesitekit-audience-segmentation-tile-metric__badge-container"
            >
              <div
                class="googlesitekit-change-badge"
              >
                +18.5%
              </div>
            </div>
          </div>
          <div
            class="googlesitekit-audience-segmentation-tile-metric"
          >
            <div
              class="googlesitekit-audience-segmentation-tile-metric__icon"
            >
              <svg />
            </div>
            <div
              class="googlesitekit-audience-segmentation-tile-metric__container"
            >
              <div
                class="googlesitekit-audience-segmentation-tile-metric__value"
              >
                3
              </div>
              <div
                class="googlesitekit-audience-segmentation-tile-metric__title"
              >
                Visits per visitor
              </div>
            </div>
            <div
              class="googlesitekit-audience-segmentation-tile-metric__badge-container"
            >
              <div
                class="googlesitekit-change-badge"
              >
                +50%
              </div>
            </div>
          </div>
          <div
            class="googlesitekit-audience-segmentation-tile-metric"
          >
            <div
              class="googlesitekit-audience-segmentation-tile-metric__icon"
            >
              <svg />
            </div>
            <div
              class="googlesitekit-audience-segmentation-tile-metric__container"
            >
              <div
                class="googlesitekit-audience-segmentation-tile-metric__value"
              >
                2
              </div>
              <div
                class="googlesitekit-audience-segmentation-tile-metric__title"
              >
                Pages per visit
              </div>
            </div>
            <div
              class="googlesitekit-audience-segmentation-tile-metric__badge-container"
            >
              <div
                class="googlesitekit-change-badge googlesitekit-change-badge--negative"
              >
                -33.3%
              </div>
            </div>
          </div>
          <div
            class="googlesitekit-audience-segmentation-tile-metric"
          >
            <div
              class="googlesitekit-audience-segmentation-tile-metric__icon"
            >
              <svg />
            </div>
            <div
              class="googlesitekit-audience-segmentation-tile-metric__container"
            >
              <div
                class="googlesitekit-audience-segmentation-tile-metric__value"
              >
                1.6K
              </div>
              <div
                class="googlesitekit-audience-segmentation-tile-metric__title"
              >
                33.3% of total pageviews
              </div>
            </div>
            <div
              class="googlesitekit-audience-segmentation-tile-metric__badge-container"
            >
              <div
                class="googlesitekit-change-badge"
              >
                +4.1%
              </div>
            </div>
          </div>
          <div
            class="googlesitekit-audience-segmentation-tile-metric googlesitekit-audience-segmentation-tile-metric--cities"
          >
            <div
              class="googlesitekit-audience-segmentation-tile-metric__icon"
            >
              <svg />
            </div>
            <div
              class="googlesitekit-audience-segmentation-tile-metric__container"
            >
              <div
                class="googlesitekit-audience-segmentation-tile-metric__title"
              >
                Cities with the most visitors
              </div>
              <div
                class="googlesitekit-audience-segmentation-tile-metric__content"
              >
                <div
                  class="googlesitekit-audience-segmentation-tile-metric__cities-metric"
                >
                  <div
                    class="googlesitekit-audience-segmentation-tile-metric__cities-metric-name"
                  >
                    Dublin
                  </div>
                  <div
                    class="googlesitekit-audience-segmentation-tile-metric__cities-metric-value"
                  >
                    63.8%
                  </div>
                </div>
                <div
                  class="googlesitekit-audience-segmentation-tile-metric__cities-metric"
                >
                  <div
                    class="googlesitekit-audience-segmentation-tile-metric__cities-metric-name"
                  >
                    London
                  </div>
                  <div
                    class="googlesitekit-audience-segmentation-tile-metric__cities-metric-value"
                  >
                    20.7%
                  </div>
                </div>
                <div
                  class="googlesitekit-audience-segmentation-tile-metric__cities-metric"
                >
                  <div
                    class="googlesitekit-audience-segmentation-tile-metric__cities-metric-name"
                  >
                    New York
                  </div>
                  <div
                    class="googlesitekit-audience-segmentation-tile-metric__cities-metric-value"
                  >
                    15.5%
                  </div>
                </div>
              </div>
            </div>
          </div>
          <div
            class="googlesitekit-audience-segmentation-tile-metric googlesitekit-audience-segmentation-tile-metric--top-content"
          >
            <div
              class="googlesitekit-audience-segmentation-tile-metric__icon"
            >
              <svg />
            </div>
            <div
              class="googlesitekit-audience-segmentation-tile-metric__container"
            >
              <div
                class="googlesitekit-audience-segmentation-tile-metric__title"
              >
                Top content by pageviews
              </div>
              <div
                class="googlesitekit-audience-segmentation-tile-metric__content"
              >
                <div
                  class="googlesitekit-audience-segmentation-tile-metric__no-data"
                >
                  No data to show
                  <p>
                    Update Analytics to track metric
                  </p>
                  <button
                    class="mdc-button googlesitekit-button-icon--spinner googlesitekit-button-icon--spinner__after mdc-button--raised mdc-button--danger"
                    target="_self"
                  >
                    <span
                      class="mdc-button__label"
                    >
                      Update
                    </span>
                  </button>
                </div>
              </div>
            </div>
          </div>
        </div>
      </div>
    </div>
  </div>
</div>
`;

exports[`AudienceTile with zero data, in the partial data state should render the zero data tile 1`] = `
<div>
  <div
    class="googlesitekit-widget googlesitekit-widget--audienceTile googlesitekit-widget--no-padding"
  >
    <div
      class="googlesitekit-widget__body"
    >
      <div
        class="googlesitekit-audience-segmentation-tile"
      >
        <div
          class="googlesitekit-audience-segmentation-tile__zero-data-container"
        >
          <div
            class="googlesitekit-audience-segmentation-tile__zero-data-content"
          >
            <svg />
            <p
              class="googlesitekit-audience-segmentation-tile__zero-data-description"
            >
              Site Kit is collecting data for this group.
            </p>
            <p
              class="googlesitekit-audience-segmentation-tile__zero-data-description"
            >
              You can hide this group until data is available.
            </p>
            <button
              class="googlesitekit-cta-link googlesitekit-audience-segmentation-tile-hide-cta googlesitekit-cta-link--secondary googlesitekit-cta-link--link-button"
            >
              <span
                class="googlesitekit-icon-wrapper"
                style="margin-right: 5px;"
              >
                <svg />
              </span>
              <span
                class="googlesitekit-cta-link__contents"
              >
                Temporarily hide
              </span>
            </button>
          </div>
        </div>
      </div>
    </div>
  </div>
</div>
`;
