// Jest Snapshot v1, https://goo.gl/fbAQLP

exports[`Widget should output children directly 1`] = `
<div>
  Test
</div>
`;
